[www.sweetgreen.com/index.html]
[backblue.gif]
[fade.gif]
[index.html]
[cdn.cookielaw.org/consent/7654c64d-6cb0-446f-9169-1a62b112b69e/OtAutoBlock.js]
[cdn.cookielaw.org/scripttemplates/otSDKStub.js]
[www.sweetgreen.com/static/fonts/Grenette-Light-Pro.woff2]
[www.sweetgreen.com/static/fonts/SweetSans-Regular.woff2]
[www.sweetgreen.com/static/fonts/SweetSansText-Regular.woff2]
[www.sweetgreen.com/static/fonts/Grenette-Regular-Pro.woff2]
[www.sweetgreen.com/static/css/screend296.css]
[www.sweetgreen.com/static/css/footerd296.css]
[www.sweetgreen.com/favicon.ico]
[www.sweetgreen.com/icon.svg]
[www.sweetgreen.com/apple-touch-icon.png]
[www.sweetgreen.com/manifest.webmanifest]
[www.sweetgreen.com/static/bundle/global6cce.js]
[www.sweetgreen.com/menu.html]
[www.sweetgreen.com/mission.html]
[images.ctfassets.net/eum7w7yri3zr/1NJ7fLOE7LOWaTaC3R9ZwO/42c8b3dbbc38ee08753182208b6221a3/S5-2021-banner-homepage-desktop8c80.jpg]
[www.sweetgreen.com/covid-19-response.html]
[images.ctfassets.net/eum7w7yri3zr/7s3dGdGV3HrnyghQULoqCP/539269708657eb9e340b5ef10c8fcc41/desktop8c80.jpg]
[images.ctfassets.net/eum7w7yri3zr/2kD9mpLAlvub8t5q8Gopdg/81af15ba52e3e190d161c2724898daa4/sweetgreen_HP_Slider_NRO_Desktop8c80.jpg]
[www.sweetgreen.com/contact.html]
[images.ctfassets.net/eum7w7yri3zr/fjE9le7BEqfrbdQW5E9Ss/b6e20c43e99e911d355c5be07080f50c/HiringCampaign_11_Homepage_1600x893-Option1__1_8c80.jpg]
[www.sweetgreen.com/naomi]
[images.ctfassets.net/eum7w7yri3zr/5418ra5b4TcMHRxOIobxUx/3c7ee0c6928eacee0a55ca2357eebd95/S222_Web_Menu_Kale_Caesar8ce0.png]
[images.ctfassets.net/eum7w7yri3zr/3Z3fW9JhznhFDphzlHNmRx/941a88bbdb16142e9a997cf9187417d1/S222_Web_Menu_Guacamole_Greens8ce0.png]
[images.ctfassets.net/eum7w7yri3zr/d5b3PRm5FskiI0zYIM8Nj/c5d55238cde4eae59dd96a2729bb5624/S222_Web_Menu_Buffalo_Chicken_Bowl8ce0.png]
[images.ctfassets.net/eum7w7yri3zr/Br3EYlf6srQYhCXdvOfwt/9bed3d1df52ff139b897e8207d657f68/S222_Web_Menu_Harvest_Bowl_Almonds8ce0.jpg]
[images.ctfassets.net/eum7w7yri3zr/61vqkJ3t634AOrPtFwC30R/2b2d341158a4b6b4f323e175c162cb8b/Product_Carousel-Chicken_Pesto_Parm8ce0.jpg]
[images.ctfassets.net/eum7w7yri3zr/57c1vaLIB4WtuQXQblhUa5/784c548f748723ec7c819eef324c2668/S222_Web_Menu__Shroomami8ce0.jpg]
[images.ctfassets.net/eum7w7yri3zr/6KrjKxVXHWvcbVNVuRm4M4/55fb17bd3ddb343fb2df39aaac5564ff/S122_Web_Menu_09_ROSEMARY_FOCACCIA8ce0.jpg]
[images.ctfassets.net/eum7w7yri3zr/53iwb677kuymZidr4C7AK6/62a2b70be085109cff98c6dc14c781b9/Product_Carousel-Cashew_Pesto_Sweet_Potatoes8ce0.jpg]
[images.ctfassets.net/eum7w7yri3zr/4h4ZzNC91qqK82iQKHnLfr/8a3be6a72f6abd209486b6f5cfb07c20/menu_spindrift_hibiscus_berry_clover_front_digital_evergreen8ce0.jpg]
[images.ctfassets.net/eum7w7yri3zr/1gVMoBGHoPIo2WNOFhYMYg/9304e13ca32b051638f26ccb65358782/Download_App-1x8ce0.png]
[www.sweetgreen.com/static/css/component2Upd296.css]
[images.ctfassets.net/eum7w7yri3zr/5OpJOQ3GY07jP9xxGih9Uy/87a2b0e565342cf90857236957938f3c/in-the-news-01-V31dc7.jpg]
[www.sweetgreen.com/press.html]
[images.ctfassets.net/eum7w7yri3zr/15tg2tG39ogDWlWrHNwoFV/5c36cfa99bd970cee2b3e5734747ff55/in-the-news-021dc7.jpg]
[images.ctfassets.net/eum7w7yri3zr/1DeCfXyhsXGMnVbYEZoN0F/a2f182f721c8d036de537d7f15d28ea0/in-the-news-03-V21dc7.jpg]
[www.sweetgreen.com/static/css/componentCollectiond296.css]
[images.ctfassets.net/eum7w7yri3zr/7C0UGrEDsHX16wSBPLRYDH/7a142df84cd81f9ce6f73599d3ad0195/collections-popular8c80.jpg]
[www.sweetgreen.com/order.sweetgreen.com]
[images.ctfassets.net/eum7w7yri3zr/1CgnobGTUePR7AY6DVdO9c/36ada23d4e098c2b1e17fc318e6b7fc2/collections-protein8c80.jpg]
[www.sweetgreen.com/static/css/componentSimpleCardd296.css]
[images.ctfassets.net/eum7w7yri3zr/QeC14rNAsPTRIuV4EAafd/f6d5c7574ff3f26a87f23d4f9d1c0b8f/PickUp18ce0.png]
[www.sweetgreen.com/privacy-policy.html]
[www.sweetgreen.com/terms.html]
[www.sweetgreen.com/privacy-policy/ca-data-opt-out.html]
[www.sweetgreen.com/index.html]
[www.sweetgreen.com/diversity-equity-inclusion.html]
[apps.omegatheme.com/group-price-attribute/client/ajaxCart.31.delayed]
[assets.ub-analytics.com/sp-2.14.0.js]
[s.pinimg.com/ct/lib/main.2424edb5.js]
[www.google-analytics.com/analytics.js]
[cdn.mxpnl.com/libs/mixpanel-2-latest.min.js]
[ajax.googleapis.com/ajax/libs/jquery/1.12.4/jquery.min.js]
[sc-static.net/scevent.min.js]
[secure.gaug.es/track.js]
[apps.omegatheme.com/group-price-attribute/client/app.3a.delayed]
[order.sweetgreen.com/assets/vendor-e700beb726bf068cf7a185ce75d775e9.js]
[script.hotjar.com/modules.47c8b2ab63e7e626e930.js]
[cdn.shopify.com/s/javascripts/tricorder/trekkie.storefront.min.js]
[cdn.embedly.com/widgets/platform.js]
[apps.omegatheme.com/group-price-attribute/client/collection.js]
[apps.omegatheme.com/group-price-attribute/client/limitOrder.js]
[order.sweetgreen.com/assets/vendor-4c8ee37e6532dac05515c236cc97a5d4.js]
[apps.omegatheme.com/group-price-attribute/quantity_break_v2.js]
[www.sweetgreen.com/onelink.42.delayed]
[cdn.shopify.com/shopifycloud/shopify/assets/storefront/load_feature-a55261a7a987674749989983b5889eadaac6795d8d48548fb61470a96edb9524.js]
[stats.g.doubleclick.net/dc.js]
[apps.omegatheme.com/group-price-attribute/client/quantityCart.46.delayed]
[cdn.cookielaw.org/consent/7654c64d-6cb0-446f-9169-1a62b112b69e/OtAutoBlock.js]
[www.googletagmanager.com/gtm5445.html]
[order.sweetgreen.com/assets/frontend-4a7bca1e869421f3cf66196f4c30aab5.js]
[www.sweetgreen.com/static/fonts/SweetSans-Bold.woff2]
[www.sweetgreen.com/static/fonts/SweetSansText-Bold.woff2]
[www.sweetgreen.com/static/fonts/Grenette-Regular-Pro.woff]
[www.sweetgreen.com/static/fonts/Grenette-Light-Pro.woff]
[www.sweetgreen.com/static/css/screend296.css]
[www.sweetgreen.com/static/css/footerd296.css]
[www.sweetgreen.com/icon.svg]
[images.ctfassets.net/eum7w7yri3zr/y9vg76nLTUcftXMqAmWFF/c97f8698105cceb181e2481beef2e188/S5-2022-OLO-Chicken_Brussels-menu-banner8c80.jpg]
[images.ctfassets.net/eum7w7yri3zr/5KYwmj7r8RXXwDmue8oqJa/079465ec463f97ac7bcdb6dd4c9457b1/menu_warmbowls-currycauliflower8ce0.jpg]
[images.ctfassets.net/eum7w7yri3zr/1tbkq4IZywTzL8rnub7CM2/ecf58922340e5cfa23b2b0a13fae31a5/menu_Sweet_Balsamic_Brussels8ce0.jpg]
[images.ctfassets.net/eum7w7yri3zr/77bQryCjkOcr4lAKYIpo1C/325700281ee9f3ea38258b8d54db7af1/S222_Web_Menu_Crispy_Rice_Bowl8ce0.jpg]
[images.ctfassets.net/eum7w7yri3zr/5Kw3escovLNb8uWqQuzR7o/63c28d6772f244a2528332c9e52a67c2/S222_Web_Menu_Chicken_Pesto_Parm8ce0.jpg]
[images.ctfassets.net/eum7w7yri3zr/GfXc33iGipBc9eYJM7bAP/4b210ae8dbd20604f9101e2080b20bf7/S222_Web_Menu_Fish_Taco8ce0.jpg]
[images.ctfassets.net/eum7w7yri3zr/xpLjpKqsPNJa76WwuBMzM/717b4c50c46903a301fe95108802e117/S222_Web_Menu_Chicken_Tostada8ce0.png]
[images.ctfassets.net/eum7w7yri3zr/2Jux9sYL7v3XwKICD37wiw/ee192d85f319b29c318ff1eca296092c/menu_salads_chicken_brussels8ce0.jpg]
[images.ctfassets.net/eum7w7yri3zr/6REEmaoFtk4DEmfSvvVKT/8e54d3e6b9fc6f2fb8ab7bcee177cba6/S222_Web_Menu_Farmhouse_Caesar8ce0.png]
[images.ctfassets.net/eum7w7yri3zr/6oXc02nY5QhEb9tYyZDyKZ/33b0ae986a202208aba225cb8a352a10/S222_Web_Menu_Super_Green_Goddess8ce0.png]
[images.ctfassets.net/eum7w7yri3zr/hu1qYcbdqzq0vLfQNCnZY/7068a999c30ba162971714f74a9489f6/S222_Web_Menu_Garden_Cobb8ce0.png]
[images.ctfassets.net/eum7w7yri3zr/zSULdXO25ckjlhhQXyR5o/7d4218442ccb017234c9e8944366c8bc/S222_Web_Menu_Hot_Honey_Chicken_Plate8ce0.jpg]
[images.ctfassets.net/eum7w7yri3zr/22q7GWKpAGrRx4Zx1ooXYr/1b3361737412660dfdc04686ee1f720d/S422_Web_Menu_06_Hummus_Crunch8ce0.jpg]
[images.ctfassets.net/eum7w7yri3zr/39eW8imTy2MXTPc4j5JDyR/75a81c203d8908237f79282c348ee4e6/S422_Web_Menu_11_Fish_Taco_Salmon8ce0.jpg]
[images.ctfassets.net/eum7w7yri3zr/12uFgsSkSpjAKl3dSnYrOE/e6270a440bb1e85e5bccdeacd075b7ac/menu_hot_honey_chicken_grain_bowl8ce0.jpg]
[images.ctfassets.net/eum7w7yri3zr/BwsYnEXaJFBl7XKYbm98z/a195f822c9ca4cce2d45c9c041eb3832/menu_teriyaki-meatball-grain-bowl8ce0.jpg]
[images.ctfassets.net/eum7w7yri3zr/2RwY1soqxjJwY9IvHnNKpU/980fd170153bdaf94654dfc2f29ac9c9/menu_miso_salmon_grain_bowl8ce0.jpg]
[images.ctfassets.net/eum7w7yri3zr/1gwUvXxHQH89yyXMKMa3bE/5be9a83f88b7ed8fca28acff3ba6d54d/menu_teriyaki_meatball_plate8ce0.jpg]
[images.ctfassets.net/eum7w7yri3zr/1Ojnae4t0XUK0OwCMxcNxw/f9713e7721b520d0bce1433d03d57cd0/menu_miso_salmon_grain_plate__1_8ce0.jpg]
[images.ctfassets.net/eum7w7yri3zr/1cenICQnIUlyjUuxP5tjrB/70bd729ca9e19db0ec90bfd4933faad0/S422_Web_Menu_07_Miso_Steelhead8ce0.jpg]
[images.ctfassets.net/eum7w7yri3zr/51N2PYs7pTo7QwQMSp6Nau/31f18060ebe28eb636a4deed73bf841a/S422_Web_Menu_08_Chicken_Avocado_Ranch8ce0.jpg]
[images.ctfassets.net/eum7w7yri3zr/6m23jjtBJux5MU8T4h0pHF/ddb44d73c397e4a3047c6beff948cc2d/S422_Web_Menu_10_Kids_Meal_Ranchy_Chicken8ce0.jpg]
[images.ctfassets.net/eum7w7yri3zr/4rLqWwSWJ1VFqA5v5yeVkw/d1fee8947be3ff0742af7e4a30314950/S422_Web_Menu_09_Kids_Meal_Little_Harvest8ce0.jpg]
[images.ctfassets.net/eum7w7yri3zr/PfR3h6wRUmYFty7WVi3lV/b48b5e11fabb3292c154f6f0f2c42156/S222_Web_Menu_Blackened_Catfish_Bowl8ce0.jpg]
[images.ctfassets.net/eum7w7yri3zr/1OxI4PJoCjfv9OGYlZBCDb/802298ffd7a851db67b8a3656e5e5235/S222_Web_Menu_Garlic_Chili_Shrimp_Bowl8ce0.jpg]
[images.ctfassets.net/eum7w7yri3zr/4fpYXsXpluY76QwbjCxzLw/e33b868fc1aa4bc37ec4a6e545e65d4f/S222_Web_Menu_Harvest_Bowl_Pecans8ce0.jpg]
[images.ctfassets.net/eum7w7yri3zr/3P7Qdqlw6I5Oiqe8f5bmY4/00d0d472c5052ddf0133f87959d8767d/S222_Web_Menu_Citrus_Shrimp_Avocado8ce0.jpg]
[images.ctfassets.net/eum7w7yri3zr/11c8ecKFnwuB6MMaJPrS3S/c17df253d1ffc15436e0ebcfc1da2060/menu_buffalo-cauli8ce0.jpg]
[images.ctfassets.net/eum7w7yri3zr/5emJWQD3CfWTvVfJbSG8G7/a5211e68053aa4716cb1e1f15ccc0304/S122_Web_Menu_10_Roasted_Sweet_Potatoes8ce0.jpg]
[images.ctfassets.net/eum7w7yri3zr/2jHOZmyz32YglnVD4E0Cgv/94f7aaf703675ae8c532111412958cc0/menu_jasmine_green_tea_front_digital_evergreen8ce0.jpg]
[images.ctfassets.net/eum7w7yri3zr/j28IU9sScvgvuvnQ5AkBj/8f2d3dadaea2baf2810bf5ad1cb90215/menu_spindrift_hibiscus_berry_clover_front_digital_evergreen8ce0.jpg]
[images.ctfassets.net/eum7w7yri3zr/6GI214xbY5YdQewcY23bWG/53db0deaef6d249ce4ce553e0aaa5773/menu_health-ade_kombucha_pink_lady_apple_front_digital_evergreen8ce0.jpg]
[images.ctfassets.net/eum7w7yri3zr/5fisqhAZkPkDbUByqnikl8/5e87c5b3c2bc149ee485277f77d29e85/menu_health-ade_kombucha_pomegranate_front_digital_evergreen8ce0.jpg]
[images.ctfassets.net/eum7w7yri3zr/n4bXyxuBVKLqARQ4GCfbf/6c9a236052bafa6e8906d3985f22fdb0/menu_proud_source_sparkling_water_front_digital_evergreen8ce0.jpg]
[images.ctfassets.net/eum7w7yri3zr/4Zjla0j9Idt446HME9CbHC/50e142f186e5bb1ccc84c839050cf60a/menu_proud_source_spring_water_front_digital_evergreen8ce0.jpg]
[images.ctfassets.net/eum7w7yri3zr/3DSQSTTPC5POgmiVOWN0Dk/670f7b2324c8d9226196403fc2697cb0/S422_Web_Menu_12_RISE_Cold_Brew8ce0.jpg]
[images.ctfassets.net/eum7w7yri3zr/6t0A5W6yaztUtPnhcjTVA4/2e232a1a38c9f33dde36a2e5e732d2b9/menu_spindrift_grapefruit_front_digital_evergreen8ce0.jpg]
[images.ctfassets.net/eum7w7yri3zr/1LbPersOU2XR2zCTrlAJvx/3cee05904d70877e55093122f22189f7/menu_spindrift_raspberry_lime_front_digital_evergreen8ce0.jpg]
[images.ctfassets.net/eum7w7yri3zr/4M8WUk8fiBofmohVaWxR8V/704b1d1e6f110e2ef42f3ba2404533ef/S122_Web_Menu_11_Sprindrift_Lime8ce0.jpg]
[images.ctfassets.net/eum7w7yri3zr/3a82rO4xAefF7jIcKSLkit/649a43517e786814f7ed47a4132730b1/S122_Web_05_MenuBanner_FarmHighlights8ce0.jpg]
[www.sweetgreen.com/menu.html]
[www.sweetgreen.com/static/css/layoutGridd296.css]
[images.ctfassets.net/eum7w7yri3zr/5oJHeIF5NflLTzU77FVP5r/e6fa696e04fed126f46a12441a4c4aa9/our-story28ce0.jpg]
[images.ctfassets.net/eum7w7yri3zr/53xXry3xNwfyJbftM5exQw/bbbc95748f859fd1b5c1f4edd32513a4/our-story8ce0.jpg]
[www.sweetgreen.com/static/css/textd296.css]
[images.ctfassets.net/eum7w7yri3zr/qON4X0mVmIy0lckAPhpdR/08beee5bfc63d75b493c82fe5b3ea8a4/our-impact-v2_copy8ce0.jpg]
[images.ctfassets.net/eum7w7yri3zr/1Xm2R1djpKlicbWIc0wG3o/e731d7f490df8431883b6520ba8ef3ae/our_impact_grid_card_local_sourcing8ce0.png]
[www.sweetgreen.com/carbon-neutral.html]
[images.ctfassets.net/eum7w7yri3zr/4by0jh9Czp1LaKjvCPh0tK/a8c99b63a31690cdd8af3ae708cddf1c/our_impact_grid_card_animal_welfare8ce0.png]
[images.ctfassets.net/eum7w7yri3zr/2UknpFvjOIWmgamu7b8JIT/66d796888192ff2dcca06eba4dc6066e/our_impact_grid_card_sustainability8ce0.png]
[www.sweetgreen.com/mission.html]
[www.sweetgreen.com/covid-19-response.html]
[www.sweetgreen.com/static/bundle/contact6cce.js]
[www.sweetgreen.com/contact.html]
[www.sweetgreen.com/naomi.html]
[www.sweetgreen.com/static/css/component2Upd296.css]
[www.sweetgreen.com/static/css/componentLinkCardd296.css]
[images.ctfassets.net/eum7w7yri3zr/5OpJOQ3GY07jP9xxGih9Uy/87a2b0e565342cf90857236957938f3c/in-the-news-01-V3125c.jpg]
[images.ctfassets.net/eum7w7yri3zr/15tg2tG39ogDWlWrHNwoFV/5c36cfa99bd970cee2b3e5734747ff55/in-the-news-02125c.jpg]
[images.ctfassets.net/eum7w7yri3zr/1DeCfXyhsXGMnVbYEZoN0F/a2f182f721c8d036de537d7f15d28ea0/in-the-news-03-V2125c.jpg]
[images.ctfassets.net/eum7w7yri3zr/5OvTVctsMkMuRvMkRFScE/bf7f2e8b84e84a97a7af6938b0b98c8b/press-01125c.jpg]
[images.ctfassets.net/eum7w7yri3zr/4BCjleJVe9NTvsW314Aee8/89726e5bd417c7b1e5f5be8aa92f918a/press-06125c.jpg]
[images.ctfassets.net/eum7w7yri3zr/62GgUaViA8LVYIEKt0Hem4/6f9f9250ef774588190182b9449953eb/press-02125c.jpg]
[images.ctfassets.net/eum7w7yri3zr/1THbWxBLSwP4rOK7DbwGbm/10d86ea1a1d990df7bb7f521015d94dc/press-04125c.jpg]
[images.ctfassets.net/eum7w7yri3zr/6tNDg0d4I5LuxStiRTS88C/d6c60c83a93930ea0e444c9a7bf513b5/press-05125c.jpg]
[images.ctfassets.net/eum7w7yri3zr/2hRthtl4k8JySoLtTJaxsp/36f975c8646fdc8e85ca82bad3aa4886/press-03125c.jpg]
[images.ctfassets.net/eum7w7yri3zr/28KkVKFf4ZRpXZLRLx0tbd/5301655853c617c112e87e0ac2a8cf99/press-08125c.jpg]
[images.ctfassets.net/eum7w7yri3zr/1H4BY8cqI86rGZ7JizkvAc/77f7e212653374e89db366346b0c3b5b/press-07125c.jpg]
[images.ctfassets.net/eum7w7yri3zr/4IHC1aEZdNk53HNk0FKjC4/35aa8027cbba28ae188c698e712db71d/press-09125c.jpg]
[www.sweetgreen.com/press.html]
[www.sweetgreen.com/static/css/componentCollectiond296.css]
[www.sweetgreen.com/order.sweetgreen.html]
[www.sweetgreen.com/static/css/componentSimpleCardd296.css]
[www.sweetgreen.com/privacy-policy.html]
[www.sweetgreen.com/terms.html]
[www.sweetgreen.com/terms/index.html]
[www.sweetgreen.com/privacy-policy/ca-data-opt-out.html]
[www.sweetgreen.com/privacy-policy/index.html]
[images.ctfassets.net/eum7w7yri3zr/21VKJhf4nFPfCC3Gcfhu7S/23e1af736557b410ef22b28d78fbac21/our-impact-v48ce0.jpg]
[images.ctfassets.net/eum7w7yri3zr/5nA7JB0APUgWE1jJWWnRbE/ef84c718280dccac1e66a648d95c7293/editorial-food-access-v18ce0.jpg]
[images.ctfassets.net/eum7w7yri3zr/3wygWqrvwPrawdtjGm8VT8/9474b6c98623eefff900fa818b35bfdf/editorial-DEI8ce0.jpg]
[images.ctfassets.net/eum7w7yri3zr/6Ha43U3GLzr7BmRLl85wV0/7d306a607c99263bb49a6b60649032ae/_35A8615BEETS_-_vertical8ce0.jpg]
[images.ctfassets.net/eum7w7yri3zr/5EdzCASKgn4X1D9928u4fh/eb2c6dfba8c1c1d53ed04eadd7f83045/_35A8615BEETS_-_vertical28ce0.jpg]
[www.sweetgreen.com/diversity-equity-inclusion.html]
[apps.omegatheme.com/group-price-attribute/client/ajaxCart.html]
[apps.omegatheme.com/group-price-attribute/client/app.html]
[apps.omegatheme.com/group-price-attribute/client/collection.html]
[apps.omegatheme.com/group-price-attribute/client/limitOrder.html]
[apps.omegatheme.com/group-price-attribute/quantity_break_v2.html]
[www.sweetgreen.com/onelink.html]
[apps.omegatheme.com/group-price-attribute/client/quantityCart.html]
[apps.omegatheme.com/group-price-attribute/client/quantityProductDetail.js]
[www.sweetgreen.com/static/img/prev-arrow.svg]
[www.sweetgreen.com/static/img/next-arrow.svg]
[www.sweetgreen.com/static/img/caret-down.svg]
[www.sweetgreen.com/static/img/paper-clip.svg]
[www.sweetgreen.com/static/css/layoutGridd296.css]
[www.sweetgreen.com/static/css/textd296.css]
[images.ctfassets.net/eum7w7yri3zr/3MQcM3p2Nrul51vjuP0w5g/d14a19ef700e937b4afd9d021b03a2e1/sweetgreen_0_-_crop8ce0.jpg]
[images.ctfassets.net/eum7w7yri3zr/2jq5ZpprZsjc3QNUvgh9UD/c374efc29222e5dfd8f7955d446df610/Kuba-_High_Res_-_vertical8ce0.jpg]
[images.ctfassets.net/eum7w7yri3zr/6SmR1D0hnsa5Kc1A2lW8j5/646c1a8452d219d4c8f355a19f3c5b47/191216_Sweetgreen_MurrayHill-00168ce0.jpg]
[images.ctfassets.net/eum7w7yri3zr/4KQyU45HVLiyWQzrIMCo8Z/3f63a666337aec8101a5176d996c115c/editorial-carbon-neutral-v18ce0.jpg]
[images.ctfassets.net/eum7w7yri3zr/2rAmwvzU51C6b2Ry1c77y/0c79614bfaceb7bac46c0d2718147bcc/editorial-carbon-neutral-v28ce0.jpg]
[www.sweetgreen.com/carbon-neutral.html]
[www.sweetgreen.com/static/css/componentLinkCardd296.css]
[www.sweetgreen.com/terms/index.html]
[www.sweetgreen.com/privacy-policy/index.html]
[s.oprm.co/pixel.js]
